Microchip MPLAB XC8 Compiler V1.35 ()

Linker command line:

-W-3 --edf=/opt/microchip/xc8/v1.35/dat/en_msgs.txt -cs \
  -h+dist/default/production/sys_mon.X.production.sym \
  --cmf=dist/default/production/sys_mon.X.production.cmf -z -Q16F1455 \
  -o/tmp/xcXWChEzC -Mdist/default/production/sys_mon.X.production.map -E1 \
  -ver=XC8 -ASTACK=02220h-023efh -pstack=STACK -ACODE=00h-07FFhx4 \
  -ASTRCODE=00h-01FFFh -ASTRING=00h-0FFhx32 -ACONST=00h-0FFhx32 \
  -AENTRY=00h-0FFhx32 -ACOMMON=070h-07Fh -ABANK0=020h-06Fh \
  -ABANK1=0A0h-0EFh -ABANK2=0120h-016Fh -ABANK3=01A0h-01EFh \
  -ABANK4=0220h-026Fh -ABANK5=02A0h-02EFh -ABANK6=0320h-036Fh \
  -ABANK7=03A0h-03EFh -ABANK8=0420h-046Fh -ABANK9=04A0h-04EFh \
  -ABANK10=0520h-056Fh -ABANK11=05A0h-05EFh -ABANK12=0620h-064Fh \
  -ABIGRAM=02000h-023EFh \
  -ARAM=020h-06Fh,0A0h-0EFh,0120h-016Fh,01A0h-01EFh,0220h-026Fh,02A0h-02EFh,0320h-036Fh,03A0h-03EFh,0420h-046Fh,04A0h-04EFh,0520h-056Fh,05A0h-05EFh,0620h-064Fh \
  -AABS1=020h-07Fh,0A0h-0EFh,0120h-016Fh,01A0h-01EFh,0220h-026Fh,02A0h-02EFh,0320h-036Fh,03A0h-03EFh,0420h-046Fh,04A0h-04EFh,0520h-056Fh,05A0h-05EFh,0620h-064Fh \
  -ASFR0=00h-01Fh -ASFR1=080h-09Fh -ASFR2=0100h-011Fh -ASFR3=0180h-019Fh \
  -ASFR4=0200h-021Fh -ASFR5=0280h-029Fh -ASFR6=0300h-031Fh \
  -ASFR7=0380h-039Fh -ASFR8=0400h-041Fh -ASFR9=0480h-049Fh \
  -ASFR10=0500h-051Fh -ASFR11=0580h-059Fh -ASFR12=0600h-061Fh \
  -ASFR13=0680h-06EFh -ASFR14=0700h-076Fh -ASFR15=0780h-07EFh \
  -ASFR16=0800h-086Fh -ASFR17=0880h-08EFh -ASFR18=0900h-096Fh \
  -ASFR19=0980h-09EFh -ASFR20=0A00h-0A6Fh -ASFR21=0A80h-0AEFh \
  -ASFR22=0B00h-0B6Fh -ASFR23=0B80h-0BEFh -ASFR24=0C00h-0C6Fh \
  -ASFR25=0C80h-0CEFh -ASFR26=0D00h-0D6Fh -ASFR27=0D80h-0DEFh \
  -ASFR28=0E00h-0E6Fh -ASFR29=0E80h-0EEFh -ASFR30=0F00h-0F6Fh \
  -ASFR31=0F80h-0FEFh -preset_vec=00h,intentry=04h,init,end_init \
  -ppowerup=CODE -pcinit=CODE -pfunctab=CODE -ACONFIG=08007h-08008h \
  -pconfig=CONFIG -DCONFIG=2 -AIDLOC=08000h-08003h -pidloc=IDLOC -DIDLOC=2 \
  -DCODE=2 -DSTRCODE=2 -DSTRING=2 -DCONST=2 -DENTRY=2 -k /tmp/xcXgZGLOf.obj \
  dist/default/production/sys_mon.X.production.obj 

Object code version is 3.11

Machine type is 16F1455



                Name                               Link     Load   Length Selector   Space Scale
/tmp/xcXgZGLOf.obj
                end_init                             12       12        2        8       0
                reset_vec                             0        0        2        0       0
                config                             8007     8007        2    1000E       0
dist/default/production/sys_mon.X.production.obj
                cinit                                14       14       36        8       0
                intentry                              4        4        E        8       0
                text44                              EA1      EA1       6F     1D42       0
                text43                              79C      79C       64      BE2       0
                text42                              E3C      E3C       65     1C78       0
                text41                              5F1      5F1       97      BE2       0
                text40                              9A9      9A9       30     1352       0
                text39                              A43      A43       3D     1486       0
                text38                              945      945       20     128A       0
                text37                              B4F      B4F       4C     169E       0
                text36                              A0A      A0A       39     1414       0
                text35                              860      860       13     10C0       0
                text34                              83F      83F        6     107E       0
                text33                              83C      83C        3     1078       0
                text32                              B9B      B9B       4C     1736       0
                text31                              D7A      D7A       60     1AF4       0
                text30                              873      873       15     10E6       0
                text29                              A80      A80       41     1500       0
                text28                               4A       4A      10C        8       0
                text27                              F81      F81       7F     1F02       0
                text26                              B04      B04       4B     1608       0
                text25                              89F      89F       18     113E       0
                text24                              688      688       8F      BE2       0
                swtext1                             800      800       1A     1000       0
                text23                              DDA      DDA       62     1BB4       0
                text22                              CD0      CD0       55     19A0       0
                text21                              717      717       85      BE2       0
                text20                              BE7      BE7       4C     17CE       0
                text19                              D25      D25       55     1A4A       0
                text18                              8B7      8B7       18     116E       0
                text17                              985      985       24     130A       0
                text16                              926      926       1F     124C       0
                text15                              965      965       20     12CA       0
                text14                              4A3      4A3       A9        8       0
                text13                              241      241       E7        8       0
                text11                              C33      C33       4D     1866       0
                text10                              328      328       C8        8       0
                text9                               8CF      8CF       1C     119E       0
                text8                               851      851        F     10A2       0
                text7                               F10      F10       71     1E20       0
                text6                               C80      C80       50     1900       0
                text5                               9D9      9D9       31     13B2       0
                text4                               156      156       EB        8       0
                text3                               888      888       17     1110       0
                text2                               8EB      8EB       1D     11D6       0
                text1                               3F0      3F0       B3        8       0
                maintext                            AC1      AC1       43     1582       0
                cstackBANK0h                         60       60       10       60       1
                cstackCOMMON                         70       70        E       70       1
                cstackBANK1                          E0       E0        7       E0       1
                cstackBANK2                         160      160       10      160       1
                cstackBANK3                         1EF      1EF        1      1A0       1
                cstackBANK4                         250      250        4      220       1
                inittext                            845      845        6     108A       0
                clrtext                             84B      84B        6     1096       0
                bssBANK6                            320      320       40      320       1
                bssBANK5                            2A0      2A0       40      2A0       1
                dataBANK4                           220      220       1E      220       1
                bssBANK4                            23E      23E       12      220       1
                bssBANK3                            1A0      1A0       4F      1A0       1
                bssBANK1                             E7       E7        6       E0       1
                stringtext                          54C      54C       A5      A98       0
                idataBANK4                          908      908       1E     1210       0

TOTAL           Name                               Link     Load   Length     Space
        CLASS   STACK          

        CLASS   CODE           
                end_init                             12       12        2         0
                cinit                                14       14       36         0
                intentry                              4        4        E         0
                reset_vec                             0        0        2         0
                text44                              EA1      EA1       6F         0
                text43                              79C      79C       64         0
                text42                              E3C      E3C       65         0
                text41                              5F1      5F1       97         0
                text40                              9A9      9A9       30         0
                text39                              A43      A43       3D         0
                text38                              945      945       20         0
                text37                              B4F      B4F       4C         0
                text36                              A0A      A0A       39         0
                text35                              860      860       13         0
                text34                              83F      83F        6         0
                text33                              83C      83C        3         0
                text32                              B9B      B9B       4C         0
                text31                              D7A      D7A       60         0
                text30                              873      873       15         0
                text29                              A80      A80       41         0
                text28                               4A       4A      10C         0
                text27                              F81      F81       7F         0
                text26                              B04      B04       4B         0
                text25                              89F      89F       18         0
                text24                              688      688       8F         0
                text23                              DDA      DDA       62         0
                text22                              CD0      CD0       55         0
                text21                              717      717       85         0
                text20                              BE7      BE7       4C         0
                text19                              D25      D25       55         0
                text18                              8B7      8B7       18         0
                text17                              985      985       24         0
                text16                              926      926       1F         0
                text15                              965      965       20         0
                text14                              4A3      4A3       A9         0
                text13                              241      241       E7         0
                text11                              C33      C33       4D         0
                text10                              328      328       C8         0
                text9                               8CF      8CF       1C         0
                text8                               851      851        F         0
                text7                               F10      F10       71         0
                text6                               C80      C80       50         0
                text5                               9D9      9D9       31         0
                text4                               156      156       EB         0
                text3                               888      888       17         0
                text2                               8EB      8EB       1D         0
                text1                               3F0      3F0       B3         0
                maintext                            AC1      AC1       43         0
                inittext                            845      845        6         0
                clrtext                             84B      84B        6         0
                idataBANK4                          908      908       1E         0

        CLASS   STRCODE        
                stringtext                          54C      54C       A5         0

        CLASS   STRING         

        CLASS   CONST          
                swtext1                             800      800       1A         0

        CLASS   ENTRY          

        CLASS   COMMON         
                cstackCOMMON                         70       70        E         1

        CLASS   BANK0          
                cstackBANK0h                         60       60       10         1

        CLASS   BANK1          
                cstackBANK1                          E0       E0        7         1
                bssBANK1                             E7       E7        6         1

        CLASS   BANK2          
                cstackBANK2                         160      160       10         1

        CLASS   BANK3          
                cstackBANK3                         1EF      1EF        1         1
                bssBANK3                            1A0      1A0       4F         1

        CLASS   BANK4          
                cstackBANK4                         250      250        4         1
                dataBANK4                           220      220       1E         1
                bssBANK4                            23E      23E       12         1

        CLASS   BANK5          
                bssBANK5                            2A0      2A0       40         1

        CLASS   BANK6          
                bssBANK6                            320      320       40         1

        CLASS   BANK7          

        CLASS   BANK8          

        CLASS   BANK9          

        CLASS   BANK10         

        CLASS   BANK11         

        CLASS   BANK12         

        CLASS   BIGRAM         

        CLASS   RAM            

        CLASS   ABS1           
                abs_s1                               20       20       40         1
                abs_s1                               7E       7E        2         1
                abs_s1                               A0       A0       40         1
                abs_s1                              120      120       40         1

        CLASS   SFR0           

        CLASS   SFR1           

        CLASS   SFR2           

        CLASS   SFR3           

        CLASS   SFR4           

        CLASS   SFR5           

        CLASS   SFR6           

        CLASS   SFR7           

        CLASS   SFR8           

        CLASS   SFR9           

        CLASS   SFR10          

        CLASS   SFR11          

        CLASS   SFR12          

        CLASS   SFR13          

        CLASS   SFR14          

        CLASS   SFR15          

        CLASS   SFR16          

        CLASS   SFR17          

        CLASS   SFR18          

        CLASS   SFR19          

        CLASS   SFR20          

        CLASS   SFR21          

        CLASS   SFR22          

        CLASS   SFR23          

        CLASS   SFR24          

        CLASS   SFR25          

        CLASS   SFR26          

        CLASS   SFR27          

        CLASS   SFR28          

        CLASS   SFR29          

        CLASS   SFR30          

        CLASS   SFR31          

        CLASS   CONFIG         
                config                             8007     8007        2         0

        CLASS   IDLOC          

        CLASS   BANK31         

        CLASS   BANK30         

        CLASS   BANK29         

        CLASS   BANK28         

        CLASS   BANK27         

        CLASS   BANK26         

        CLASS   BANK25         

        CLASS   BANK24         

        CLASS   BANK23         

        CLASS   BANK22         

        CLASS   BANK21         

        CLASS   BANK20         

        CLASS   BANK19         

        CLASS   BANK18         

        CLASS   BANK17         

        CLASS   BANK16         

        CLASS   BANK15         

        CLASS   BANK14         

        CLASS   BANK13         

        CLASS   EEDATA         



SEGMENTS        Name                           Load    Length   Top    Selector   Space  Class     Delta

                reset_vec                      000000  000002  000002         0       0  CODE        2
                intentry                       000004  000548  00054C         8       0  CODE        2
                cstackBANK0h                   000060  000010  000070        60       1  BANK0       1
                cstackCOMMON                   000070  00000E  00007E        70       1  COMMON      1
                cstackBANK1                    0000E0  00000D  0000ED        E0       1  BANK1       1
                cstackBANK2                    000160  000010  000170       160       1  BANK2       1
                bssBANK3                       0001A0  000050  0001F0       1A0       1  BANK3       1
                dataBANK4                      000220  000034  000254       220       1  BANK4       1
                bssBANK5                       0002A0  000040  0002E0       2A0       1  BANK5       1
                bssBANK6                       000320  000040  000360       320       1  BANK6       1
                stringtext                     00054C  0000A5  0005F1       A98       0  STRCODE     2
                text41                         0005F1  00020F  000800       BE2       0  CODE        2
                swtext1                        000800  00001A  00081A      1000       0  CONST       2
                text33                         00083C  000003  00083F      1078       0  CODE        2
                text34                         00083F  000006  000845      107E       0  CODE        2
                inittext                       000845  000006  00084B      108A       0  CODE        2
                clrtext                        00084B  000006  000851      1096       0  CODE        2
                text8                          000851  00000F  000860      10A2       0  CODE        2
                text35                         000860  000013  000873      10C0       0  CODE        2
                text30                         000873  000015  000888      10E6       0  CODE        2
                text3                          000888  000017  00089F      1110       0  CODE        2
                text25                         00089F  000018  0008B7      113E       0  CODE        2
                text18                         0008B7  000018  0008CF      116E       0  CODE        2
                text9                          0008CF  00001C  0008EB      119E       0  CODE        2
                text2                          0008EB  00001D  000908      11D6       0  CODE        2
                idataBANK4                     000908  00001E  000926      1210       0  CODE        2
                text16                         000926  00001F  000945      124C       0  CODE        2
                text38                         000945  000020  000965      128A       0  CODE        2
                text15                         000965  000020  000985      12CA       0  CODE        2
                text17                         000985  000024  0009A9      130A       0  CODE        2
                text40                         0009A9  000030  0009D9      1352       0  CODE        2
                text5                          0009D9  000031  000A0A      13B2       0  CODE        2
                text36                         000A0A  000039  000A43      1414       0  CODE        2
                text39                         000A43  00003D  000A80      1486       0  CODE        2
                text29                         000A80  000041  000AC1      1500       0  CODE        2
                maintext                       000AC1  000043  000B04      1582       0  CODE        2
                text26                         000B04  00004B  000B4F      1608       0  CODE        2
                text37                         000B4F  00004C  000B9B      169E       0  CODE        2
                text32                         000B9B  00004C  000BE7      1736       0  CODE        2
                text20                         000BE7  00004C  000C33      17CE       0  CODE        2
                text11                         000C33  00004D  000C80      1866       0  CODE        2
                text6                          000C80  000050  000CD0      1900       0  CODE        2
                text22                         000CD0  000055  000D25      19A0       0  CODE        2
                text19                         000D25  000055  000D7A      1A4A       0  CODE        2
                text31                         000D7A  000060  000DDA      1AF4       0  CODE        2
                text23                         000DDA  000062  000E3C      1BB4       0  CODE        2
                text42                         000E3C  000065  000EA1      1C78       0  CODE        2
                text44                         000EA1  00006F  000F10      1D42       0  CODE        2
                text7                          000F10  000071  000F81      1E20       0  CODE        2
                text27                         000F81  00007F  001000      1F02       0  CODE        2
                config                         008007  000002  008009     1000E       0  CONFIG      2


UNUSED ADDRESS RANGES

        Name                Unused          Largest block    Delta
        BANK1            000ED-000EF               3           1
        BANK10           00520-0056F              50           1
        BANK11           005A0-005EF              50           1
        BANK12           00620-0064F              30           1
        BANK4            00254-0026F              1C           1
        BANK5            002E0-002EF              10           1
        BANK6            00360-0036F              10           1
        BANK7            003A0-003EF              50           1
        BANK8            00420-0046F              50           1
        BANK9            004A0-004EF              50           1
        BIGRAM           02000-023EF             3F0           1
        CODE             00002-00003               2           2
                         0081A-0083B              22
                         01000-01FFF             800
        CONST            00002-00003               2           2
                         0081A-0083B              22
                         01000-01FFF             100
        ENTRY            00002-00003               2           2
                         0081A-0083B              22
                         01000-01FFF             100
        IDLOC            08000-08003               4           2
        RAM              000ED-000EF               3           1
                         00254-0026F              1C
                         002E0-002EF              10
                         00360-0036F              10
                         003A0-003EF              50
                         00420-0046F              50
                         004A0-004EF              50
                         00520-0056F              50
                         005A0-005EF              50
                         00620-0064F              30
        SFR0             00000-0001F              20           1
        SFR1             00080-0009F              20           1
        SFR10            00500-0051F              20           1
        SFR11            00580-0059F              20           1
        SFR12            00600-0061F              20           1
        SFR13            00680-006EF              70           1
        SFR14            00700-0076F              70           1
        SFR15            00780-007EF              70           1
        SFR16            00800-0086F              70           1
        SFR17            00880-008EF              70           1
        SFR18            00900-0096F              70           1
        SFR19            00980-009EF              70           1
        SFR2             00100-0011F              20           1
        SFR20            00A00-00A6F              70           1
        SFR21            00A80-00AEF              70           1
        SFR22            00B00-00B6F              70           1
        SFR23            00B80-00BEF              70           1
        SFR24            00C00-00C6F              70           1
        SFR25            00C80-00CEF              70           1
        SFR26            00D00-00D6F              70           1
        SFR27            00D80-00DEF              70           1
        SFR28            00E00-00E6F              70           1
        SFR29            00E80-00EEF              70           1
        SFR3             00180-0019F              20           1
        SFR30            00F00-00F6F              70           1
        SFR31            00F80-00FEF              70           1
        SFR4             00200-0021F              20           1
        SFR5             00280-0029F              20           1
        SFR6             00300-0031F              20           1
        SFR7             00380-0039F              20           1
        SFR8             00400-0041F              20           1
        SFR9             00480-0049F              20           1
        STACK            02220-023EF             1D0           1
        STRCODE          00002-00003               2           2
                         0081A-0083B              22
                         01000-01FFF            1000
        STRING           00002-00003               2           2
                         0081A-0083B              22
                         01000-01FFF             100

                                  Symbol Table

?___wmul                                   cstackBANK2  00160
?_atoi                                     cstackBANK2  00166
APP_DeviceCDCBasicDemoTasks@i              cstackBANK4  00253
APP_DeviceCDCBasicDemoTasks@msg_buf_idx    bssBANK3     001C1
APP_DeviceCDCBasicDemoTasks@msg_done       bssBANK3     001C2
APP_DeviceCDCBasicDemoTasks@msg_type       bssBANK3     001C3
APP_DeviceCDCBasicDemoTasks@numBytesRead   cstackBANK4  00250
APP_DeviceCDCBasicDemoTasks@number         cstackBANK4  00251
APP_LEDUpdateUSBStatus@ledCount            bssBANK3     001BB
CDCTxService@byte_to_send                  cstackBANK2  0016B
CDCTxService@i                             cstackBANK2  0016A
SYSTEM_Initialize@state                    cstackBANK2  00160
USBConfigureEndpoint@EPNum                 cstackCOMMON 00075
USBConfigureEndpoint@direction             cstackCOMMON 00070
USBConfigureEndpoint@handle                cstackCOMMON 00076
USBCtrlTrfInHandler@lastDTS                cstackCOMMON 00075
USBCtrlTrfRxService@byteToRead             cstackCOMMON 00075
USBCtrlTrfRxService@i                      cstackCOMMON 00074
USBCtrlTrfTxService@byteToSend             cstackCOMMON 00072
USBDeviceInit@i                            cstackBANK2  00164
USBDeviceInit@i_1187                       cstackBANK2  00163
USBDeviceInit@p                            cstackBANK2  00161
USBDeviceTasks@i                           cstackBANK1  000E5
USBEnableEndpoint@ep                       cstackCOMMON 0007C
USBEnableEndpoint@options                  cstackCOMMON 00077
USBEnableEndpoint@p                        cstackCOMMON 0007A
USBStdFeatureReqHandler@current_ep_data    cstackBANK0h 0006C
USBStdFeatureReqHandler@p                  cstackBANK0h 0006D
USBStdFeatureReqHandler@pUEP               cstackBANK0h 0006A
USBStdGetStatusHandler@p                   cstackCOMMON 00071
USBStdSetCfgHandler@i                      cstackBANK0h 0006C
USBStdSetCfgHandler@i_1478                 cstackBANK0h 0006B
USBStdSetCfgHandler@p                      cstackBANK0h 00069
USBTransferOnePacket@data                  cstackBANK2  00161
USBTransferOnePacket@dir                   cstackBANK2  00160
USBTransferOnePacket@ep                    cstackBANK2  00166
USBTransferOnePacket@handle                cstackBANK2  00167
USBTransferOnePacket@len                   cstackBANK2  00163
USER_USB_CALLBACK_EVENT_HANDLER@event      cstackBANK0h 00062
USER_USB_CALLBACK_EVENT_HANDLER@pdata      cstackBANK0h 00064
USER_USB_CALLBACK_EVENT_HANDLER@size       cstackBANK0h 00066
_ACTCON                                    (abs)        0039B
_ANSELA                                    (abs)        0018C
_ANSELC                                    (abs)        0018E
_APFCON                                    (abs)        0011D
_APP_DeviceCDCBasicDemoInitialize          text35       00860
_APP_DeviceCDCBasicDemoTasks               text4        00156
_APP_LEDUpdateUSBStatus                    text32       00B9B
_BDT                                       (abs)        00020
_BothEP0OutUOWNsSet                        bssBANK3     001C4
_CDCDataInHandle                           bssBANK3     001C5
_CDCDataOutHandle                          bssBANK3     001C6
_CDCInitEP                                 text36       00A0A
_CDCTxService                              text10       00328
_CtrlTrfData                               (abs)        00058
_INTCONbits                                (abs)        0000B
_LATA                                      (abs)        0010C
_LED_Off                                   text34       0083F
_LED_On                                    text33       0083C
_OSCCON                                    (abs)        00099
_PIE2bits                                  (abs)        00092
_PIR1bits                                  (abs)        00011
_PIR2bits                                  (abs)        00012
_PR2                                       (abs)        0001B
_PWM1CON                                   (abs)        00613
_PWM1DCH                                   (abs)        00612
_PWM1DCL                                   (abs)        00611
_PWM2CON                                   (abs)        00616
_PWM2DCH                                   (abs)        00615
_PWM2DCL                                   (abs)        00614
_RemoteWakeup                              bssBANK3     001C7
_SYSTEM_Initialize                         text3        00888
_SYS_InterruptHigh                         intentry     00004
_SetupPkt                                  (abs)        00050
_T2CON                                     (abs)        0001C
_T2CONbits                                 (abs)        0001C
_TMR2                                      (abs)        0001A
_TRISA                                     (abs)        0008C
_TRISC                                     (abs)        0008E
_UADDR                                     (abs)        00E96
_UCFG                                      (abs)        00E91
_UCON                                      (abs)        00E8E
_UCONbits                                  (abs)        00E8E
_UEIE                                      (abs)        00E97
_UEIR                                      (abs)        00E93
_UEP0                                      (abs)        00E98
_UEP0bits                                  (abs)        00E98
_UEP1                                      (abs)        00E99
_UIE                                       (abs)        00E92
_UIEbits                                   (abs)        00E92
_UIR                                       (abs)        00E90
_UIRbits                                   (abs)        00E90
_USB1msTickCount                           bssBANK3     001AB
_USBActiveConfiguration                    bssBANK3     001ED
_USBAlternateInterface                     bssBANK3     001EB
_USBBusIsSuspended                         bssBANK3     001C8
_USBCheckCDCRequest                        text31       00D7A
_USBCheckStdRequest                        text23       00DDA
_USBConfigureEndpoint                      text39       00A43
_USBCtrlEPAllowDataStage                   text22       00CD0
_USBCtrlEPAllowStatusStage                 text42       00E3C
_USBCtrlEPService                          text19       00D25
_USBCtrlEPServiceComplete                  text21       00717
_USBCtrlTrfInHandler                       text43       0079C
_USBCtrlTrfOutHandler                      text40       009A9
_USBCtrlTrfRxService                       text41       005F1
_USBCtrlTrfSetupHandler                    text20       00BE7
_USBCtrlTrfTxService                       text44       00EA1
_USBDeferINDataStagePackets                bssBANK3     001C9
_USBDeferOUTDataStagePackets               bssBANK3     001CA
_USBDeferStatusStagePacket                 bssBANK3     001CB
_USBDeviceAttach                           text2        008EB
_USBDeviceInit                             text1        003F0
_USBDeviceState                            bssBANK3     001CC
_USBDeviceTasks                            text13       00241
_USBEnableEndpoint                         text38       00945
_USBIncrement1msInternalTimers             text18       008B7
_USBStallHandler                           text17       00985
_USBStatusStageEnabledFlag1                bssBANK3     001CD
_USBStatusStageEnabledFlag2                bssBANK3     001CE
_USBStatusStageTimeoutCounter              bssBANK3     001CF
_USBStdFeatureReqHandler                   text28       0004A
_USBStdGetDscHandler                       text27       00F81
_USBStdGetStatusHandler                    text26       00B04
_USBStdSetCfgHandler                       text24       00688
_USBSuspend                                text16       00926
_USBTicksSinceSuspendEnd                   bssBANK3     001D0
_USBTransferOnePacket                      text11       00C33
_USBWakeFromSuspend                        text15       00965
_USB_CD_Ptr                                stringtext   00552
_USB_SD_Ptr                                stringtext   0054C
_USER_USB_CALLBACK_EVENT_HANDLER           text29       00A80
_USTAT                                     (abs)        00E8F
_USTATcopy                                 bssBANK3     001EE
__CFG_BOREN$ON                             (abs)        00000
__CFG_BORV$LO                              (abs)        00000
__CFG_CLKOUTEN$OFF                         (abs)        00000
__CFG_CP$OFF                               (abs)        00000
__CFG_CPUDIV$NOCLKDIV                      (abs)        00000
__CFG_FCMEN$OFF                            (abs)        00000
__CFG_FOSC$INTOSC                          (abs)        00000
__CFG_IESO$OFF                             (abs)        00000
__CFG_LPBOR$OFF                            (abs)        00000
__CFG_LVP$OFF                              (abs)        00000
__CFG_MCLRE$OFF                            (abs)        00000
__CFG_PLLEN$ENABLED                        (abs)        00000
__CFG_PLLMULT$3x                           (abs)        00000
__CFG_PWRTE$OFF                            (abs)        00000
__CFG_STVREN$ON                            (abs)        00000
__CFG_USBLSCLK$48MHz                       (abs)        00000
__CFG_WDTE$OFF                             (abs)        00000
__CFG_WRT$OFF                              (abs)        00000
__Habs1                                    abs1         00000
__Hbank0                                   bank0        00000
__Hbank1                                   bank1        00000
__Hbank10                                  bank10       00000
__Hbank11                                  bank11       00000
__Hbank12                                  bank12       00000
__Hbank13                                  bank13       00000
__Hbank14                                  bank14       00000
__Hbank15                                  bank15       00000
__Hbank16                                  bank16       00000
__Hbank17                                  bank17       00000
__Hbank18                                  bank18       00000
__Hbank19                                  bank19       00000
__Hbank2                                   bank2        00000
__Hbank20                                  bank20       00000
__Hbank21                                  bank21       00000
__Hbank22                                  bank22       00000
__Hbank23                                  bank23       00000
__Hbank24                                  bank24       00000
__Hbank25                                  bank25       00000
__Hbank26                                  bank26       00000
__Hbank27                                  bank27       00000
__Hbank28                                  bank28       00000
__Hbank29                                  bank29       00000
__Hbank3                                   bank3        00000
__Hbank30                                  bank30       00000
__Hbank31                                  bank31       00000
__Hbank4                                   bank4        00000
__Hbank5                                   bank5        00000
__Hbank6                                   bank6        00000
__Hbank7                                   bank7        00000
__Hbank8                                   bank8        00000
__Hbank9                                   bank9        00000
__Hbigram                                  bigram       00000
__HbssBANK1                                bssBANK1     00000
__HbssBANK3                                bssBANK3     00000
__HbssBANK4                                bssBANK4     00000
__HbssBANK5                                bssBANK5     00000
__HbssBANK6                                bssBANK6     00000
__Hcinit                                   cinit        0004A
__Hclrtext                                 clrtext      00000
__Hcode                                    code         00000
__Hcommon                                  common       00000
__Hconfig                                  config       08009
__HcstackBANK0h                            cstackBANK0h 00000
__HcstackBANK1                             cstackBANK1  00000
__HcstackBANK2                             cstackBANK2  00000
__HcstackBANK3                             cstackBANK3  00000
__HcstackBANK4                             cstackBANK4  00000
__HcstackCOMMON                            cstackCOMMON 00000
__HdataBANK4                               dataBANK4    00000
__Heeprom_data                             eeprom_data  00000
__Hend_init                                end_init     00014
__Hfunctab                                 functab      00000
__HidataBANK4                              idataBANK4   00000
__Hidloc                                   idloc        00000
__Hinit                                    init         00012
__Hinittext                                inittext     00000
__Hintentry                                intentry     00012
__Hmaintext                                maintext     00000
__Hpowerup                                 powerup      00000
__Hram                                     ram          00000
__Hreset_vec                               reset_vec    00002
__Hsfr0                                    sfr0         00000
__Hsfr1                                    sfr1         00000
__Hsfr10                                   sfr10        00000
__Hsfr11                                   sfr11        00000
__Hsfr12                                   sfr12        00000
__Hsfr13                                   sfr13        00000
__Hsfr14                                   sfr14        00000
__Hsfr15                                   sfr15        00000
__Hsfr16                                   sfr16        00000
__Hsfr17                                   sfr17        00000
__Hsfr18                                   sfr18        00000
__Hsfr19                                   sfr19        00000
__Hsfr2                                    sfr2         00000
__Hsfr20                                   sfr20        00000
__Hsfr21                                   sfr21        00000
__Hsfr22                                   sfr22        00000
__Hsfr23                                   sfr23        00000
__Hsfr24                                   sfr24        00000
__Hsfr25                                   sfr25        00000
__Hsfr26                                   sfr26        00000
__Hsfr27                                   sfr27        00000
__Hsfr28                                   sfr28        00000
__Hsfr29                                   sfr29        00000
__Hsfr3                                    sfr3         00000
__Hsfr30                                   sfr30        00000
__Hsfr31                                   sfr31        00000
__Hsfr4                                    sfr4         00000
__Hsfr5                                    sfr5         00000
__Hsfr6                                    sfr6         00000
__Hsfr7                                    sfr7         00000
__Hsfr8                                    sfr8         00000
__Hsfr9                                    sfr9         00000
__Hspace_0                                 (abs)        08009
__Hspace_1                                 (abs)        00360
__Hspace_2                                 (abs)        00000
__Hspace_3                                 (abs)        00000
__Hstack                                   stack        00000
__Hstrings                                 strings      00000
__Hstringtext                              stringtext   00000
__Htext                                    text         00000
__Labs1                                    abs1         00000
__Lbank0                                   bank0        00000
__Lbank1                                   bank1        00000
__Lbank10                                  bank10       00000
__Lbank11                                  bank11       00000
__Lbank12                                  bank12       00000
__Lbank13                                  bank13       00000
__Lbank14                                  bank14       00000
__Lbank15                                  bank15       00000
__Lbank16                                  bank16       00000
__Lbank17                                  bank17       00000
__Lbank18                                  bank18       00000
__Lbank19                                  bank19       00000
__Lbank2                                   bank2        00000
__Lbank20                                  bank20       00000
__Lbank21                                  bank21       00000
__Lbank22                                  bank22       00000
__Lbank23                                  bank23       00000
__Lbank24                                  bank24       00000
__Lbank25                                  bank25       00000
__Lbank26                                  bank26       00000
__Lbank27                                  bank27       00000
__Lbank28                                  bank28       00000
__Lbank29                                  bank29       00000
__Lbank3                                   bank3        00000
__Lbank30                                  bank30       00000
__Lbank31                                  bank31       00000
__Lbank4                                   bank4        00000
__Lbank5                                   bank5        00000
__Lbank6                                   bank6        00000
__Lbank7                                   bank7        00000
__Lbank8                                   bank8        00000
__Lbank9                                   bank9        00000
__Lbigram                                  bigram       00000
__LbssBANK1                                bssBANK1     00000
__LbssBANK3                                bssBANK3     00000
__LbssBANK4                                bssBANK4     00000
__LbssBANK5                                bssBANK5     00000
__LbssBANK6                                bssBANK6     00000
__Lcinit                                   cinit        00014
__Lclrtext                                 clrtext      00000
__Lcode                                    code         00000
__Lcommon                                  common       00000
__Lconfig                                  config       08007
__LcstackBANK0h                            cstackBANK0h 00000
__LcstackBANK1                             cstackBANK1  00000
__LcstackBANK2                             cstackBANK2  00000
__LcstackBANK3                             cstackBANK3  00000
__LcstackBANK4                             cstackBANK4  00000
__LcstackCOMMON                            cstackCOMMON 00000
__LdataBANK4                               dataBANK4    00000
__Leeprom_data                             eeprom_data  00000
__Lend_init                                end_init     00012
__Lfunctab                                 functab      00000
__LidataBANK4                              idataBANK4   00000
__Lidloc                                   idloc        00000
__Linit                                    init         00012
__Linittext                                inittext     00000
__Lintentry                                intentry     00004
__Lmaintext                                maintext     00000
__Lpowerup                                 powerup      00000
__Lram                                     ram          00000
__Lreset_vec                               reset_vec    00000
__Lsfr0                                    sfr0         00000
__Lsfr1                                    sfr1         00000
__Lsfr10                                   sfr10        00000
__Lsfr11                                   sfr11        00000
__Lsfr12                                   sfr12        00000
__Lsfr13                                   sfr13        00000
__Lsfr14                                   sfr14        00000
__Lsfr15                                   sfr15        00000
__Lsfr16                                   sfr16        00000
__Lsfr17                                   sfr17        00000
__Lsfr18                                   sfr18        00000
__Lsfr19                                   sfr19        00000
__Lsfr2                                    sfr2         00000
__Lsfr20                                   sfr20        00000
__Lsfr21                                   sfr21        00000
__Lsfr22                                   sfr22        00000
__Lsfr23                                   sfr23        00000
__Lsfr24                                   sfr24        00000
__Lsfr25                                   sfr25        00000
__Lsfr26                                   sfr26        00000
__Lsfr27                                   sfr27        00000
__Lsfr28                                   sfr28        00000
__Lsfr29                                   sfr29        00000
__Lsfr3                                    sfr3         00000
__Lsfr30                                   sfr30        00000
__Lsfr31                                   sfr31        00000
__Lsfr4                                    sfr4         00000
__Lsfr5                                    sfr5         00000
__Lsfr6                                    sfr6         00000
__Lsfr7                                    sfr7         00000
__Lsfr8                                    sfr8         00000
__Lsfr9                                    sfr9         00000
__Lspace_0                                 (abs)        00000
__Lspace_1                                 (abs)        00000
__Lspace_2                                 (abs)        00000
__Lspace_3                                 (abs)        00000
__Lstack                                   stack        00000
__Lstrings                                 strings      00000
__Lstringtext                              stringtext   00000
__Ltext                                    text         00000
__S0                                       (abs)        08009
__S1                                       (abs)        00360
__S2                                       (abs)        00000
___int_sp                                  stack        00000
___latbits                                 (abs)        00002
___sp                                      stack        00000
___wmul                                    text9        008CF
___wmul@multiplicand                       cstackBANK2  00162
___wmul@multiplier                         cstackBANK2  00160
___wmul@product                            cstackBANK2  00164
__end_of_APP_DeviceCDCBasicDemoInitialize  text35       00873
__end_of_APP_DeviceCDCBasicDemoTasks       text4        00241
__end_of_APP_LEDUpdateUSBStatus            text32       00BE7
__end_of_CDCInitEP                         text36       00A43
__end_of_CDCTxService                      text10       003F0
__end_of_LED_Off                           text34       00845
__end_of_LED_On                            text33       0083F
__end_of_SYSTEM_Initialize                 text3        0089F
__end_of_SYS_InterruptHigh                 intentry     00012
__end_of_USBCheckCDCRequest                text31       00DDA
__end_of_USBCheckStdRequest                text23       00E3C
__end_of_USBConfigureEndpoint              text39       00A80
__end_of_USBCtrlEPAllowDataStage           text22       00D25
__end_of_USBCtrlEPAllowStatusStage         text42       00EA1
__end_of_USBCtrlEPService                  text19       00D7A
__end_of_USBCtrlEPServiceComplete          text21       0079C
__end_of_USBCtrlTrfInHandler               text43       00800
__end_of_USBCtrlTrfOutHandler              text40       009D9
__end_of_USBCtrlTrfRxService               text41       00688
__end_of_USBCtrlTrfSetupHandler            text20       00C33
__end_of_USBCtrlTrfTxService               text44       00F10
__end_of_USBDeviceAttach                   text2        00908
__end_of_USBDeviceInit                     text1        004A3
__end_of_USBDeviceTasks                    text13       00328
__end_of_USBEnableEndpoint                 text38       00965
__end_of_USBIncrement1msInternalTimers     text18       008CF
__end_of_USBStallHandler                   text17       009A9
__end_of_USBStdFeatureReqHandler           text28       00156
__end_of_USBStdGetDscHandler               text27       01000
__end_of_USBStdGetStatusHandler            text26       00B4F
__end_of_USBStdSetCfgHandler               text24       00717
__end_of_USBSuspend                        text16       00945
__end_of_USBTransferOnePacket              text11       00C80
__end_of_USBWakeFromSuspend                text15       00985
__end_of_USB_CD_Ptr                        stringtext   00554
__end_of_USB_SD_Ptr                        stringtext   00552
__end_of_USER_USB_CALLBACK_EVENT_HANDLER   text29       00AC1
__end_of___wmul                            text9        008EB
__end_of__initialization                   cinit        00046
__end_of_atoi                              text7        00F81
__end_of_configDescriptor1                 stringtext   00597
__end_of_device_dsc                        stringtext   005ED
__end_of_getsUSBUSART                      text6        00CD0
__end_of_isdigit                           text8        00860
__end_of_main                              maintext     00B04
__end_of_memset                            text25       008B7
__end_of_putrsUSBUSART                     text5        00A0A
__end_of_sd000                             stringtext   005F1
__end_of_sd001                             stringtext   005BD
__end_of_sd002                             stringtext   005DB
__end_ofi1_SYSTEM_Initialize               text30       00888
__end_ofi1_USBDeviceInit                   text14       0054C
__end_ofi1_USBTransferOnePacket            text37       00B9B
__initialization                           cinit        00014
__pbssBANK1                                bssBANK1     000E7
__pbssBANK3                                bssBANK3     001A0
__pbssBANK4                                bssBANK4     0023E
__pbssBANK5                                bssBANK5     002A0
__pbssBANK6                                bssBANK6     00320
__pcstackBANK0h                            cstackBANK0h 00060
__pcstackBANK1                             cstackBANK1  000E0
__pcstackBANK2                             cstackBANK2  00160
__pcstackBANK3                             cstackBANK3  001EF
__pcstackBANK4                             cstackBANK4  00250
__pcstackCOMMON                            cstackCOMMON 00070
__pdataBANK4                               dataBANK4    00220
__pidataBANK4                              idataBANK4   00908
__pintentry                                intentry     00004
__pmaintext                                maintext     00AC1
__pstringtext                              stringtext   0054C
__pswtext1                                 swtext1      00800
__ptext1                                   text1        003F0
__ptext10                                  text10       00328
__ptext11                                  text11       00C33
__ptext13                                  text13       00241
__ptext14                                  text14       004A3
__ptext15                                  text15       00965
__ptext16                                  text16       00926
__ptext17                                  text17       00985
__ptext18                                  text18       008B7
__ptext19                                  text19       00D25
__ptext2                                   text2        008EB
__ptext20                                  text20       00BE7
__ptext21                                  text21       00717
__ptext22                                  text22       00CD0
__ptext23                                  text23       00DDA
__ptext24                                  text24       00688
__ptext25                                  text25       0089F
__ptext26                                  text26       00B04
__ptext27                                  text27       00F81
__ptext28                                  text28       0004A
__ptext29                                  text29       00A80
__ptext3                                   text3        00888
__ptext30                                  text30       00873
__ptext31                                  text31       00D7A
__ptext32                                  text32       00B9B
__ptext33                                  text33       0083C
__ptext34                                  text34       0083F
__ptext35                                  text35       00860
__ptext36                                  text36       00A0A
__ptext37                                  text37       00B4F
__ptext38                                  text38       00945
__ptext39                                  text39       00A43
__ptext4                                   text4        00156
__ptext40                                  text40       009A9
__ptext41                                  text41       005F1
__ptext42                                  text42       00E3C
__ptext43                                  text43       0079C
__ptext44                                  text44       00EA1
__ptext5                                   text5        009D9
__ptext6                                   text6        00C80
__ptext7                                   text7        00F10
__ptext8                                   text8        00851
__ptext9                                   text9        008CF
__size_of_APP_DeviceCDCBasicDemoInitialize (abs)        00000
__size_of_APP_DeviceCDCBasicDemoTasks      (abs)        00000
__size_of_APP_LEDUpdateUSBStatus           (abs)        00000
__size_of_CDCInitEP                        (abs)        00000
__size_of_CDCTxService                     (abs)        00000
__size_of_LED_Off                          (abs)        00000
__size_of_LED_On                           (abs)        00000
__size_of_SYSTEM_Initialize                (abs)        00000
__size_of_SYS_InterruptHigh                (abs)        00000
__size_of_USBCheckCDCRequest               (abs)        00000
__size_of_USBCheckStdRequest               (abs)        00000
__size_of_USBConfigureEndpoint             (abs)        00000
__size_of_USBCtrlEPAllowDataStage          (abs)        00000
__size_of_USBCtrlEPAllowStatusStage        (abs)        00000
__size_of_USBCtrlEPService                 (abs)        00000
__size_of_USBCtrlEPServiceComplete         (abs)        00000
__size_of_USBCtrlTrfInHandler              (abs)        00000
__size_of_USBCtrlTrfOutHandler             (abs)        00000
__size_of_USBCtrlTrfRxService              (abs)        00000
__size_of_USBCtrlTrfSetupHandler           (abs)        00000
__size_of_USBCtrlTrfTxService              (abs)        00000
__size_of_USBDeviceAttach                  (abs)        00000
__size_of_USBDeviceInit                    (abs)        00000
__size_of_USBDeviceTasks                   (abs)        00000
__size_of_USBEnableEndpoint                (abs)        00000
__size_of_USBIncrement1msInternalTimers    (abs)        00000
__size_of_USBStallHandler                  (abs)        00000
__size_of_USBStdFeatureReqHandler          (abs)        00000
__size_of_USBStdGetDscHandler              (abs)        00000
__size_of_USBStdGetStatusHandler           (abs)        00000
__size_of_USBStdSetCfgHandler              (abs)        00000
__size_of_USBSuspend                       (abs)        00000
__size_of_USBTransferOnePacket             (abs)        00000
__size_of_USBWakeFromSuspend               (abs)        00000
__size_of_USER_USB_CALLBACK_EVENT_HANDLER  (abs)        00000
__size_of___wmul                           (abs)        00000
__size_of_atoi                             (abs)        00000
__size_of_getsUSBUSART                     (abs)        00000
__size_of_isdigit                          (abs)        00000
__size_of_main                             (abs)        00000
__size_of_memset                           (abs)        00000
__size_of_putrsUSBUSART                    (abs)        00000
__size_ofi1_SYSTEM_Initialize              (abs)        00000
__size_ofi1_USBDeviceInit                  (abs)        00000
__size_ofi1_USBTransferOnePacket           (abs)        00000
_atoi                                      text7        00F10
_buttonMessage                             dataBANK4    0022B
_buttonPressed                             bssBANK3     001D1
_cdc_data_rx                               (abs)        00120
_cdc_data_tx                               (abs)        000A0
_cdc_mem_type                              bssBANK3     001D2
_cdc_rx_len                                bssBANK3     001D3
_cdc_trf_state                             bssBANK3     001D4
_cdc_tx_len                                bssBANK3     001D5
_configDescriptor1                         stringtext   00554
_controlTransferState                      bssBANK3     001D6
_control_signal_bitmap                     bssBANK3     001D7
_device_dsc                                stringtext   005DB
_dummy_encapsulated_cmd_response           bssBANK4     00248
_endpoint_number                           bssBANK3     001D8
_ep_data_in                                bssBANK3     001AF
_ep_data_out                               bssBANK3     001B2
_getsUSBUSART                              text6        00C80
_inPipes                                   bssBANK1     000E7
_isdigit                                   text8        00851
_isdigit$2126                              cstackBANK2  00160
_line_coding                               bssBANK3     001E4
_main                                      maintext     00AC1
_memset                                    text25       0089F
_msg_buffer                                bssBANK3     001DC
_outPipes                                  bssBANK3     001A0
_pBDTEntryEP0OutCurrent                    bssBANK3     001D9
_pBDTEntryEP0OutNext                       bssBANK1     000EC
_pBDTEntryIn                               bssBANK3     001B5
_pBDTEntryOut                              bssBANK3     001B8
_pCDCDst                                   bssBANK3     001BD
_pCDCSrc                                   bssBANK3     001BF
_pDst                                      bssBANK3     001DA
_putrsUSBUSART                             text5        009D9
_readBuffer                                bssBANK5     002A0
_sd000                                     stringtext   005ED
_sd001                                     stringtext   00597
_sd002                                     stringtext   005BD
_shortPacketStatus                         bssBANK3     001DB
atoi@a                                     cstackBANK2  0016B
atoi@s                                     cstackBANK2  0016D
atoi@sign                                  cstackBANK2  0016A
btemp                                      (abs)        0007E
clear_ram0                                 clrtext      0084B
end_of_initialization                      cinit        00046
getsUSBUSART@buffer                        cstackBANK2  0016B
getsUSBUSART@len                           cstackBANK2  00168
i1SYSTEM_Initialize@state                  cstackCOMMON 00070
i1USBDeviceInit@i                          cstackCOMMON 00074
i1USBDeviceInit@i_1187                     cstackCOMMON 00073
i1USBDeviceInit@p                          cstackCOMMON 00071
i1USBTransferOnePacket@data                cstackCOMMON 00071
i1USBTransferOnePacket@dir                 cstackCOMMON 00070
i1USBTransferOnePacket@ep                  cstackCOMMON 00076
i1USBTransferOnePacket@handle              cstackCOMMON 00077
i1USBTransferOnePacket@len                 cstackCOMMON 00073
i1_SYSTEM_Initialize                       text30       00873
i1_USBDeviceInit                           text14       004A3
i1_USBTransferOnePacket                    text37       00B4F
init_ram                                   inittext     00845
int$flags                                  (abs)        0007E
intlevel0                                  functab      00000
intlevel1                                  functab      00000
intlevel2                                  functab      00000
intlevel3                                  functab      00000
intlevel4                                  functab      00000
intlevel5                                  functab      00000
isdigit@c                                  cstackBANK2  00161
ltemp                                      (abs)        0007E
ltemp0                                     (abs)        0007E
ltemp1                                     (abs)        00082
ltemp2                                     (abs)        00086
ltemp3                                     (abs)        00080
memset@c                                   cstackCOMMON 00072
memset@n                                   cstackCOMMON 00074
memset@p                                   cstackCOMMON 00076
memset@p1                                  cstackCOMMON 00070
putrsUSBUSART@data                         cstackBANK2  00162
putrsUSBUSART@len                          cstackBANK2  00163
putrsUSBUSART@pData                        cstackBANK2  00161
reset_vec                                  reset_vec    00000
stackhi                                    (abs)        023EF
stacklo                                    (abs)        02220
start                                      init         00012
start_initialization                       cinit        00014
ttemp                                      (abs)        0007E
ttemp0                                     (abs)        0007E
ttemp1                                     (abs)        00081
ttemp2                                     (abs)        00084
ttemp3                                     (abs)        00087
ttemp4                                     (abs)        0007F
wtemp                                      (abs)        0007E
wtemp0                                     (abs)        0007E
wtemp1                                     (abs)        00080
wtemp2                                     (abs)        00082
wtemp3                                     (abs)        00084
wtemp4                                     (abs)        00086
wtemp5                                     (abs)        00088
wtemp6                                     (abs)        0007F


FUNCTION INFORMATION:

 *************** function _main *****************
 Defined at:
		line 57 in file "main.c"
 Parameters:    Size  Location     Type
		None
 Auto vars:     Size  Location     Type
		None
 Return value:  Size  Location     Type
		None               void
 Registers used:
		wreg, fsr0l, fsr0h, fsr1l, fsr1h, status,2, status,0, pclath, cstack
 Tracked objects:
		On entry : 
		On exit  : 
		Unchanged: 
 Data sizes:     COMMON  BANK0h   BANK1   BANK2   BANK3   BANK4   BANK5   BANK6   BANK7   BANK8   BANK9  BANK10  BANK11  BANK12
      Params:         0       0       0       0       0       0       0       0       0       0       0       0       0       0
      Locals:         0       0       0       0       0       0       0       0       0       0       0       0       0       0
      Temps:          0       0       0       0       1       0       0       0       0       0       0       0       0       0
      Totals:         0       0       0       0       1       0       0       0       0       0       0       0       0       0
Total ram usage:        1 bytes
 Hardware stack levels required when called:   14
 This function calls:
		_APP_DeviceCDCBasicDemoTasks
		_SYSTEM_Initialize
		_USBDeviceAttach
		_USBDeviceInit
 This function is called by:
		Startup code after reset
 This function uses a non-reentrant model


 *************** function _USBDeviceInit *****************
 Defined at:
		line 295 in file "/opt/microchip/mla/framework/usb/src/usb_device.c"
 Parameters:    Size  Location     Type
		None
 Auto vars:     Size  Location     Type
  p               2    1[BANK2 ] PTR unsigned char 
		 -> UEP1(1), 
  i               1    3[BANK2 ] unsigned char 
  i               1    4[BANK2 ] unsigned char 
 Return value:  Size  Location     Type
		None               void
 Registers used:
		wreg, fsr1l, fsr1h, status,2, status,0
 Tracked objects:
		On entry : 
		On exit  : 
		Unchanged: 
 Data sizes:     COMMON  BANK0h   BANK1   BANK2   BANK3   BANK4   BANK5   BANK6   BANK7   BANK8   BANK9  BANK10  BANK11  BANK12
      Params:         0       0       0       0       0       0       0       0       0       0       0       0       0       0
      Locals:         0       0       0       4       0       0       0       0       0       0       0       0       0       0
      Temps:          0       0       0       1       0       0       0       0       0       0       0       0       0       0
      Totals:         0       0       0       5       0       0       0       0       0       0       0       0       0       0
Total ram usage:        5 bytes
 Hardware stack levels used:    1
 Hardware stack levels required when called:   11
 This function calls:
		Nothing
 This function is called by:
		_main
 This function uses a non-reentrant model


 *************** function _USBDeviceAttach *****************
 Defined at:
		line 1370 in file "/opt/microchip/mla/framework/usb/src/usb_device.c"
 Parameters:    Size  Location     Type
		None
 Auto vars:     Size  Location     Type
		None
 Return value:  Size  Location     Type
		None               void
 Registers used:
		wreg, status,2, status,0
 Tracked objects:
		On entry : 
		On exit  : 
		Unchanged: 
 Data sizes:     COMMON  BANK0h   BANK1   BANK2   BANK3   BANK4   BANK5   BANK6   BANK7   BANK8   BANK9  BANK10  BANK11  BANK12
      Params:         0       0       0       0       0       0       0       0       0       0       0       0       0       0
      Locals:         0       0       0       0       0       0       0       0       0       0       0       0       0       0
      Temps:          0       0       0       1       0       0       0       0       0       0       0       0       0       0
      Totals:         0       0       0       1       0       0       0       0       0       0       0       0       0       0
Total ram usage:        1 bytes
 Hardware stack levels used:    1
 Hardware stack levels required when called:   11
 This function calls:
		Nothing
 This function is called by:
		_main
 This function uses a non-reentrant model


 *************** function _SYSTEM_Initialize *****************
 Defined at:
		line 86 in file "system.c"
 Parameters:    Size  Location     Type
  state           1    wreg     enum E2448
 Auto vars:     Size  Location     Type
  state           1    0[BANK2 ] enum E2448
 Return value:  Size  Location     Type
		None               void
 Registers used:
		wreg, fsr0l, fsr0h, status,2, status,0
 Tracked objects:
		On entry : 
		On exit  : 
		Unchanged: 
 Data sizes:     COMMON  BANK0h   BANK1   BANK2   BANK3   BANK4   BANK5   BANK6   BANK7   BANK8   BANK9  BANK10  BANK11  BANK12
      Params:         0       0       0       0       0       0       0       0       0       0       0       0       0       0
      Locals:         0       0       0       1       0       0       0       0       0       0       0       0       0       0
      Temps:          0       0       0       0       0       0       0       0       0       0       0       0       0       0
      Totals:         0       0       0       1       0       0       0       0       0       0       0       0       0       0
Total ram usage:        1 bytes
 Hardware stack levels used:    1
 Hardware stack levels required when called:   11
 This function calls:
		Nothing
 This function is called by:
		_main
 This function uses a non-reentrant model


 *************** function _APP_DeviceCDCBasicDemoTasks *****************
 Defined at:
		line 90 in file "app_device_cdc_basic.c"
 Parameters:    Size  Location     Type
		None
 Auto vars:     Size  Location     Type
  number          2    1[BANK4 ] int 
  i               1    3[BANK4 ] unsigned char 
  numBytesRead    1    0[BANK4 ] unsigned char 
 Return value:  Size  Location     Type
		None               void
 Registers used:
		wreg, fsr1l, fsr1h, status,2, status,0, pclath, cstack
 Tracked objects:
		On entry : 
		On exit  : 
		Unchanged: 
 Data sizes:     COMMON  BANK0h   BANK1   BANK2   BANK3   BANK4   BANK5   BANK6   BANK7   BANK8   BANK9  BANK10  BANK11  BANK12
      Params:         0       0       0       0       0       0       0       0       0       0       0       0       0       0
      Locals:         0       0       0       0       0       4       0       0       0       0       0       0       0       0
      Temps:          0       0       0       2       0       0       0       0       0       0       0       0       0       0
      Totals:         0       0       0       2       0       4       0       0       0       0       0       0       0       0
Total ram usage:        6 bytes
 Hardware stack levels used:    1
 Hardware stack levels required when called:   13
 This function calls:
		_CDCTxService
		_atoi
		_getsUSBUSART
		_putrsUSBUSART
 This function is called by:
		_main
 This function uses a non-reentrant model


 *************** function _putrsUSBUSART *****************
 Defined at:
		line 726 in file "/opt/microchip/mla/framework/usb/src/usb_device_cdc.c"
 Parameters:    Size  Location     Type
  data            1    wreg     PTR const unsigned char 
		 -> buttonMessage(19), 
 Auto vars:     Size  Location     Type
  data            1    2[BANK2 ] PTR const unsigned char 
		 -> buttonMessage(19), 
  len             1    3[BANK2 ] unsigned char 
  pData           1    1[BANK2 ] PTR const unsigned char 
		 -> buttonMessage(19), 
 Return value:  Size  Location     Type
		None               void
 Registers used:
		wreg, fsr1l, fsr1h, status,2, status,0
 Tracked objects:
		On entry : 
		On exit  : 
		Unchanged: 
 Data sizes:     COMMON  BANK0h   BANK1   BANK2   BANK3   BANK4   BANK5   BANK6   BANK7   BANK8   BANK9  BANK10  BANK11  BANK12
      Params:         0       0       0       0       0       0       0       0       0       0       0       0       0       0
      Locals:         0       0       0       3       0       0       0       0       0       0       0       0       0       0
      Temps:          0       0       0       1       0       0       0       0       0       0       0       0       0       0
      Totals:         0       0       0       4       0       0       0       0       0       0       0       0       0       0
Total ram usage:        4 bytes
 Hardware stack levels used:    1
 Hardware stack levels required when called:   11
 This function calls:
		Nothing
 This function is called by:
		_APP_DeviceCDCBasicDemoTasks
 This function uses a non-reentrant model


 *************** function _getsUSBUSART *****************
 Defined at:
		line 485 in file "/opt/microchip/mla/framework/usb/src/usb_device_cdc.c"
 Parameters:    Size  Location     Type
  buffer          1    wreg     PTR unsigned char 
		 -> readBuffer(64), 
  len             1    8[BANK2 ] unsigned char 
 Auto vars:     Size  Location     Type
  buffer          1   11[BANK2 ] PTR unsigned char 
		 -> readBuffer(64), 
 Return value:  Size  Location     Type
                  1    wreg      unsigned char 
 Registers used:
		wreg, fsr1l, fsr1h, status,2, status,0, pclath, cstack
 Tracked objects:
		On entry : 
		On exit  : 
		Unchanged: 
 Data sizes:     COMMON  BANK0h   BANK1   BANK2   BANK3   BANK4   BANK5   BANK6   BANK7   BANK8   BANK9  BANK10  BANK11  BANK12
      Params:         0       0       0       1       0       0       0       0       0       0       0       0       0       0
      Locals:         0       0       0       1       0       0       0       0       0       0       0       0       0       0
      Temps:          0       0       0       2       0       0       0       0       0       0       0       0       0       0
      Totals:         0       0       0       4       0       0       0       0       0       0       0       0       0       0
Total ram usage:        4 bytes
 Hardware stack levels used:    1
 Hardware stack levels required when called:   12
 This function calls:
		_USBTransferOnePacket
 This function is called by:
		_APP_DeviceCDCBasicDemoTasks
 This function uses a non-reentrant model


 *************** function _atoi *****************
 Defined at:
		line 5 in file "/opt/microchip/xc8/v1.35/sources/common/atoi.c"
 Parameters:    Size  Location     Type
  s               1    wreg     PTR const unsigned char 
		 -> msg_buffer(8), 
 Auto vars:     Size  Location     Type
  s               1   13[BANK2 ] PTR const unsigned char 
		 -> msg_buffer(8), 
  a               2   11[BANK2 ] int 
  sign            1   10[BANK2 ] unsigned char 
 Return value:  Size  Location     Type
                  2    6[BANK2 ] int 
 Registers used:
		wreg, fsr1l, fsr1h, status,2, status,0, pclath, cstack
 Tracked objects:
		On entry : 
		On exit  : 
		Unchanged: 
 Data sizes:     COMMON  BANK0h   BANK1   BANK2   BANK3   BANK4   BANK5   BANK6   BANK7   BANK8   BANK9  BANK10  BANK11  BANK12
      Params:         0       0       0       2       0       0       0       0       0       0       0       0       0       0
      Locals:         0       0       0       4       0       0       0       0       0       0       0       0       0       0
      Temps:          0       0       0       2       0       0       0       0       0       0       0       0       0       0
      Totals:         0       0       0       8       0       0       0       0       0       0       0       0       0       0
Total ram usage:        8 bytes
 Hardware stack levels used:    1
 Hardware stack levels required when called:   12
 This function calls:
		___wmul
		_isdigit
 This function is called by:
		_APP_DeviceCDCBasicDemoTasks
 This function uses a non-reentrant model


 *************** function _isdigit *****************
 Defined at:
		line 8 in file "/opt/microchip/xc8/v1.35/sources/common/isdigit.c"
 Parameters:    Size  Location     Type
  c               1    wreg     unsigned char 
 Auto vars:     Size  Location     Type
  c               1    1[BANK2 ] unsigned char 
 Return value:  Size  Location     Type
		None               void
 Registers used:
		wreg, status,2, status,0
 Tracked objects:
		On entry : 
		On exit  : 
		Unchanged: 
 Data sizes:     COMMON  BANK0h   BANK1   BANK2   BANK3   BANK4   BANK5   BANK6   BANK7   BANK8   BANK9  BANK10  BANK11  BANK12
      Params:         0       0       0       0       0       0       0       0       0       0       0       0       0       0
      Locals:         0       0       0       2       0       0       0       0       0       0       0       0       0       0
      Temps:          0       0       0       0       0       0       0       0       0       0       0       0       0       0
      Totals:         0       0       0       2       0       0       0       0       0       0       0       0       0       0
Total ram usage:        2 bytes
 Hardware stack levels used:    1
 Hardware stack levels required when called:   11
 This function calls:
		Nothing
 This function is called by:
		_atoi
 This function uses a non-reentrant model


 *************** function ___wmul *****************
 Defined at:
		line 15 in file "/opt/microchip/xc8/v1.35/sources/common/Umul16.c"
 Parameters:    Size  Location     Type
  multiplier      2    0[BANK2 ] unsigned int 
  multiplicand    2    2[BANK2 ] unsigned int 
 Auto vars:     Size  Location     Type
  product         2    4[BANK2 ] unsigned int 
 Return value:  Size  Location     Type
                  2    0[BANK2 ] unsigned int 
 Registers used:
		wreg, status,2, status,0
 Tracked objects:
		On entry : 
		On exit  : 
		Unchanged: 
 Data sizes:     COMMON  BANK0h   BANK1   BANK2   BANK3   BANK4   BANK5   BANK6   BANK7   BANK8   BANK9  BANK10  BANK11  BANK12
      Params:         0       0       0       4       0       0       0       0       0       0       0       0       0       0
      Locals:         0       0       0       2       0       0       0       0       0       0       0       0       0       0
      Temps:          0       0       0       0       0       0       0       0       0       0       0       0       0       0
      Totals:         0       0       0       6       0       0       0       0       0       0       0       0       0       0
Total ram usage:        6 bytes
 Hardware stack levels used:    1
 Hardware stack levels required when called:   11
 This function calls:
		Nothing
 This function is called by:
		_atoi
 This function uses a non-reentrant model


 *************** function _CDCTxService *****************
 Defined at:
		line 836 in file "/opt/microchip/mla/framework/usb/src/usb_device_cdc.c"
[...]
      Params:         0       0       0       0       0       0       0       0       0       0       0       0       0       0
      Locals:         0       0       0       0       0       0       0       0       0       0       0       0       0       0
      Temps:          0       0       0       0       0       0       0       0       0       0       0       0       0       0
      Totals:         0       0       0       0       0       0       0       0       0       0       0       0       0       0
Total ram usage:        0 bytes
 Hardware stack levels used:    1
 This function calls:
		Nothing
 This function is called by:
		_APP_LEDUpdateUSBStatus
 This function uses a non-reentrant model


 *************** function _LED_Off *****************
 Defined at:
		line 6 in file "led.c"
 Parameters:    Size  Location     Type
  led             1    wreg     enum E1
 Auto vars:     Size  Location     Type
  led             1    0[COMMON] enum E1
 Return value:  Size  Location     Type
		None               void
 Registers used:
		wreg, status,2, status,0
 Tracked objects:
		On entry : 
		On exit  : 
		Unchanged: 
 Data sizes:     COMMON  BANK0h   BANK1   BANK2   BANK3   BANK4   BANK5   BANK6   BANK7   BANK8   BANK9  BANK10  BANK11  BANK12
      Params:         0       0       0       0       0       0       0       0       0       0       0       0       0       0
      Locals:         0       0       0       0       0       0       0       0       0       0       0       0       0       0
      Temps:          1       0       0       0       0       0       0       0       0       0       0       0       0       0
      Totals:         1       0       0       0       0       0       0       0       0       0       0       0       0       0
Total ram usage:        1 bytes
 Hardware stack levels used:    1
 This function calls:
		Nothing
 This function is called by:
		_APP_LEDUpdateUSBStatus
 This function uses a non-reentrant model


 *************** function _APP_DeviceCDCBasicDemoInitialize *****************
 Defined at:
		line 63 in file "app_device_cdc_basic.c"
 Parameters:    Size  Location     Type
		None
 Auto vars:     Size  Location     Type
		None
 Return value:  Size  Location     Type
		None               void
 Registers used:
		wreg, fsr1l, fsr1h, status,2, status,0, pclath, cstack
 Tracked objects:
		On entry : 
		On exit  : 
		Unchanged: 
 Data sizes:     COMMON  BANK0h   BANK1   BANK2   BANK3   BANK4   BANK5   BANK6   BANK7   BANK8   BANK9  BANK10  BANK11  BANK12
      Params:         0       0       0       0       0       0       0       0       0       0       0       0       0       0
      Locals:         0       0       0       0       0       0       0       0       0       0       0       0       0       0
      Temps:          1       0       0       0       0       0       0       0       0       0       0       0       0       0
      Totals:         1       0       0       0       0       0       0       0       0       0       0       0       0       0
Total ram usage:        1 bytes
 Hardware stack levels used:    1
 Hardware stack levels required when called:    3
 This function calls:
		_CDCInitEP
 This function is called by:
		_USER_USB_CALLBACK_EVENT_HANDLER
 This function uses a non-reentrant model


 *************** function _CDCInitEP *****************
 Defined at:
		line 294 in file "/opt/microchip/mla/framework/usb/src/usb_device_cdc.c"
 Parameters:    Size  Location     Type
		None
 Auto vars:     Size  Location     Type
		None
 Return value:  Size  Location     Type
		None               void
 Registers used:
		wreg, fsr1l, fsr1h, status,2, status,0, pclath, cstack
 Tracked objects:
		On entry : 
		On exit  : 
		Unchanged: 
 Data sizes:     COMMON  BANK0h   BANK1   BANK2   BANK3   BANK4   BANK5   BANK6   BANK7   BANK8   BANK9  BANK10  BANK11  BANK12
      Params:         0       0       0       0       0       0       0       0       0       0       0       0       0       0
      Locals:         0       0       0       0       0       0       0       0       0       0       0       0       0       0
      Temps:          0       2       0       0       0       0       0       0       0       0       0       0       0       0
      Totals:         0       2       0       0       0       0       0       0       0       0       0       0       0       0
Total ram usage:        2 bytes
 Hardware stack levels used:    1
 Hardware stack levels required when called:    2
 This function calls:
		_USBEnableEndpoint
		i1_USBTransferOnePacket
 This function is called by:
		_APP_DeviceCDCBasicDemoInitialize
 This function uses a non-reentrant model


 *************** function i1_USBTransferOnePacket *****************
 Defined at:
		line 1013 in file "/opt/microchip/mla/framework/usb/src/usb_device.c"
 Parameters:    Size  Location     Type
  ep              1    wreg     unsigned char 
  dir             1    0[COMMON] unsigned char 
  data            2    1[COMMON] PTR unsigned char 
		 -> cdc_data_tx(64), NULL(0), cdc_data_rx(64), 
  len             1    3[COMMON] unsigned char 
 Auto vars:     Size  Location     Type
  ep              1    6[COMMON] unsigned char 
  USBTransferO    1    7[COMMON] PTR volatile struct __BD
		 -> BDT(48), NULL(0), 
 Return value:  Size  Location     Type
                  1    wreg      PTR void 
 Registers used:
		wreg, fsr1l, fsr1h, status,2, status,0
 Tracked objects:
		On entry : 
		On exit  : 
		Unchanged: 
 Data sizes:     COMMON  BANK0h   BANK1   BANK2   BANK3   BANK4   BANK5   BANK6   BANK7   BANK8   BANK9  BANK10  BANK11  BANK12
      Params:         4       0       0       0       0       0       0       0       0       0       0       0       0       0
      Locals:         2       0       0       0       0       0       0       0       0       0       0       0       0       0
      Temps:          2       0       0       0       0       0       0       0       0       0       0       0       0       0
      Totals:         8       0       0       0       0       0       0       0       0       0       0       0       0       0
Total ram usage:        8 bytes
 Hardware stack levels used:    1
 This function calls:
		Nothing
 This function is called by:
		_CDCInitEP
 This function uses a non-reentrant model


 *************** function _USBEnableEndpoint *****************
 Defined at:
		line 896 in file "/opt/microchip/mla/framework/usb/src/usb_device.c"
 Parameters:    Size  Location     Type
  ep              1    wreg     unsigned char 
  options         1    7[COMMON] unsigned char 
 Auto vars:     Size  Location     Type
  ep              1   12[COMMON] unsigned char 
  p               2   10[COMMON] PTR unsigned char 
		 -> UEP0(1), 
 Return value:  Size  Location     Type
		None               void
 Registers used:
		wreg, fsr1l, fsr1h, status,2, status,0, pclath, cstack
 Tracked objects:
		On entry : 
		On exit  : 
		Unchanged: 
 Data sizes:     COMMON  BANK0h   BANK1   BANK2   BANK3   BANK4   BANK5   BANK6   BANK7   BANK8   BANK9  BANK10  BANK11  BANK12
      Params:         1       0       0       0       0       0       0       0       0       0       0       0       0       0
      Locals:         3       0       0       0       0       0       0       0       0       0       0       0       0       0
      Temps:          2       0       0       0       0       0       0       0       0       0       0       0       0       0
      Totals:         6       0       0       0       0       0       0       0       0       0       0       0       0       0
Total ram usage:        6 bytes
 Hardware stack levels used:    1
 Hardware stack levels required when called:    1
 This function calls:
		_USBConfigureEndpoint
 This function is called by:
		_CDCInitEP
 This function uses a non-reentrant model


 *************** function _USBConfigureEndpoint *****************
 Defined at:
		line 1561 in file "/opt/microchip/mla/framework/usb/src/usb_device.c"
 Parameters:    Size  Location     Type
  EPNum           1    wreg     unsigned char 
  direction       1    0[COMMON] unsigned char 
 Auto vars:     Size  Location     Type
  EPNum           1    5[COMMON] unsigned char 
  handle          1    6[COMMON] PTR volatile struct __BD
		 -> BDT(48), 
 Return value:  Size  Location     Type
		None               void
 Registers used:
		wreg, fsr1l, fsr1h, status,2, status,0
 Tracked objects:
		On entry : 
		On exit  : 
		Unchanged: 
 Data sizes:     COMMON  BANK0h   BANK1   BANK2   BANK3   BANK4   BANK5   BANK6   BANK7   BANK8   BANK9  BANK10  BANK11  BANK12
      Params:         1       0       0       0       0       0       0       0       0       0       0       0       0       0
      Locals:         2       0       0       0       0       0       0       0       0       0       0       0       0       0
      Temps:          4       0       0       0       0       0       0       0       0       0       0       0       0       0
      Totals:         7       0       0       0       0       0       0       0       0       0       0       0       0       0
Total ram usage:        7 bytes
 Hardware stack levels used:    1
 This function calls:
		Nothing
 This function is called by:
		_USBEnableEndpoint
 This function uses a non-reentrant model


 *************** function _USBCtrlTrfOutHandler *****************
 Defined at:
		line 2555 in file "/opt/microchip/mla/framework/usb/src/usb_device.c"
 Parameters:    Size  Location     Type
		None
 Auto vars:     Size  Location     Type
		None
 Return value:  Size  Location     Type
		None               void
 Registers used:
		wreg, fsr1l, fsr1h, status,2, status,0, pclath, cstack
 Tracked objects:
		On entry : 
		On exit  : 
		Unchanged: 
 Data sizes:     COMMON  BANK0h   BANK1   BANK2   BANK3   BANK4   BANK5   BANK6   BANK7   BANK8   BANK9  BANK10  BANK11  BANK12
      Params:         0       0       0       0       0       0       0       0       0       0       0       0       0       0
      Locals:         0       0       0       0       0       0       0       0       0       0       0       0       0       0
      Temps:          2       0       0       0       0       0       0       0       0       0       0       0       0       0
      Totals:         2       0       0       0       0       0       0       0       0       0       0       0       0       0
Total ram usage:        2 bytes
 Hardware stack levels used:    1
 Hardware stack levels required when called:    2
 This function calls:
		_USBCtrlTrfRxService
 This function is called by:
		_USBCtrlEPService
 This function uses a non-reentrant model


 *************** function _USBCtrlTrfRxService *****************
 Defined at:
		line 1870 in file "/opt/microchip/mla/framework/usb/src/usb_device.c"
 Parameters:    Size  Location     Type
		None
 Auto vars:     Size  Location     Type
  byteToRead      1    5[COMMON] unsigned char 
  i               1    4[COMMON] unsigned char 
 Return value:  Size  Location     Type
		None               void
 Registers used:
		wreg, fsr1l, fsr1h, status,2, status,0, pclath, cstack
 Tracked objects:
		On entry : 
		On exit  : 
		Unchanged: 
 Data sizes:     COMMON  BANK0h   BANK1   BANK2   BANK3   BANK4   BANK5   BANK6   BANK7   BANK8   BANK9  BANK10  BANK11  BANK12
      Params:         0       0       0       0       0       0       0       0       0       0       0       0       0       0
      Locals:         2       0       0       0       0       0       0       0       0       0       0       0       0       0
      Temps:          2       0       0       0       0       0       0       0       0       0       0       0       0       0
      Totals:         4       0       0       0       0       0       0       0       0       0       0       0       0       0
Total ram usage:        4 bytes
 Hardware stack levels used:    1
 Hardware stack levels required when called:    1
 This function calls:
		_USBCtrlEPAllowStatusStage
 This function is called by:
		_USBCtrlTrfOutHandler
 This function uses a non-reentrant model


 *************** function _USBCtrlEPAllowStatusStage *****************
 Defined at:
		line 1434 in file "/opt/microchip/mla/framework/usb/src/usb_device.c"
 Parameters:    Size  Location     Type
		None
 Auto vars:     Size  Location     Type
		None
 Return value:  Size  Location     Type
		None               void
 Registers used:
		wreg, fsr1l, fsr1h, status,2, status,0
 Tracked objects:
		On entry : 
		On exit  : 
		Unchanged: 
 Data sizes:     COMMON  BANK0h   BANK1   BANK2   BANK3   BANK4   BANK5   BANK6   BANK7   BANK8   BANK9  BANK10  BANK11  BANK12
      Params:         0       0       0       0       0       0       0       0       0       0       0       0       0       0
      Locals:         0       0       0       0       0       0       0       0       0       0       0       0       0       0
      Temps:          2       0       0       0       0       0       0       0       0       0       0       0       0       0
      Totals:         2       0       0       0       0       0       0       0       0       0       0       0       0       0
Total ram usage:        2 bytes
 Hardware stack levels used:    1
 This function calls:
		Nothing
 This function is called by:
		_USBDeviceTasks
		_USBCtrlEPServiceComplete
		_USBCtrlTrfRxService
 This function uses a non-reentrant model


 *************** function _USBCtrlTrfInHandler *****************
 Defined at:
		line 2609 in file "/opt/microchip/mla/framework/usb/src/usb_device.c"
 Parameters:    Size  Location     Type
		None
 Auto vars:     Size  Location     Type
  lastDTS         1    5[COMMON] unsigned char 
 Return value:  Size  Location     Type
		None               void
 Registers used:
		wreg, fsr0l, fsr0h, fsr1l, fsr1h, status,2, status,0, pclath, cstack
 Tracked objects:
		On entry : 
		On exit  : 
		Unchanged: 
 Data sizes:     COMMON  BANK0h   BANK1   BANK2   BANK3   BANK4   BANK5   BANK6   BANK7   BANK8   BANK9  BANK10  BANK11  BANK12
      Params:         0       0       0       0       0       0       0       0       0       0       0       0       0       0
      Locals:         1       0       0       0       0       0       0       0       0       0       0       0       0       0
      Temps:          2       0       0       0       0       0       0       0       0       0       0       0       0       0
      Totals:         3       0       0       0       0       0       0       0       0       0       0       0       0       0
Total ram usage:        3 bytes
 Hardware stack levels used:    1
 Hardware stack levels required when called:    1
 This function calls:
		_USBCtrlTrfTxService
 This function is called by:
		_USBCtrlEPService
 This function uses a non-reentrant model


 *************** function _USBCtrlTrfTxService *****************
 Defined at:
		line 1789 in file "/opt/microchip/mla/framework/usb/src/usb_device.c"
 Parameters:    Size  Location     Type
		None
 Auto vars:     Size  Location     Type
  byteToSend      1    2[COMMON] unsigned char 
 Return value:  Size  Location     Type
		None               void
 Registers used:
		wreg, fsr0l, fsr0h, fsr1l, fsr1h, status,2, status,0, pclath
 Tracked objects:
		On entry : 
		On exit  : 
		Unchanged: 
 Data sizes:     COMMON  BANK0h   BANK1   BANK2   BANK3   BANK4   BANK5   BANK6   BANK7   BANK8   BANK9  BANK10  BANK11  BANK12
      Params:         0       0       0       0       0       0       0       0       0       0       0       0       0       0
      Locals:         1       0       0       0       0       0       0       0       0       0       0       0       0       0
      Temps:          2       0       0       0       0       0       0       0       0       0       0       0       0       0
      Totals:         3       0       0       0       0       0       0       0       0       0       0       0       0       0
Total ram usage:        3 bytes
 Hardware stack levels used:    1
 This function calls:
		Nothing
 This function is called by:
		_USBCtrlEPAllowDataStage
		_USBCtrlTrfInHandler
 This function uses a non-reentrant model



MODULE INFORMATION

Module		Function		Class		Link	Load	Size
/opt/microchip/xc8/v1.35/sources/common/memset.c
		_memset        		CODE           	089F	0000	25

/opt/microchip/xc8/v1.35/sources/common/memset.c estimated size: 25

/opt/microchip/mla/framework/usb/src/usb_device.c
		_USBCtrlTrfInHandler		CODE           	079C	0000	101
		_USBTransferOnePacket		CODE           	0C33	0000	78
		_USBDeviceAttach		CODE           	08EB	0000	30
		_USBStdGetDscHandler		CODE           	0F81	0000	128
		_USBCtrlEPAllowDataStage		CODE           	0CD0	0000	86
		_USBStdFeatureReqHandler		CODE           	004A	0000	269
		_USBCtrlEPAllowStatusStage		CODE           	0E3C	0000	102
		_USBCtrlTrfSetupHandler		CODE           	0BE7	0000	77
		_USBCtrlTrfOutHandler		CODE           	09A9	0000	49
		_USBCtrlEPServiceComplete		CODE           	0717	0000	134
		_USBSuspend    		CODE           	0926	0000	32
		_USBStdSetCfgHandler		CODE           	0688	0000	144
		_USBStdGetStatusHandler		CODE           	0B04	0000	76
		_USBWakeFromSuspend		CODE           	0965	0000	33
		_USBCtrlTrfRxService		CODE           	05F1	0000	152
		_USBCtrlTrfTxService		CODE           	0EA1	0000	112
		_USBEnableEndpoint		CODE           	0945	0000	33
		_USBConfigureEndpoint		CODE           	0A43	0000	62
		_USBDeviceInit 		CODE           	03F0	0000	180
		_USBIncrement1msInternalTimers		CODE           	08B7	0000	25
		_USBCtrlEPService		CODE           	0D25	0000	86
		_USBStallHandler		CODE           	0985	0000	37
		_USBDeviceTasks		CODE           	0241	0000	232
		_USBCheckStdRequest		CODE           	0DDA	0000	99

/opt/microchip/mla/framework/usb/src/usb_device.c estimated size: 2357

/opt/microchip/xc8/v1.35/sources/common/Umul16.c
		___wmul        		CODE           	08CF	0000	29

/opt/microchip/xc8/v1.35/sources/common/Umul16.c estimated size: 29

/opt/microchip/xc8/v1.35/sources/common/isdigit.c
		_isdigit       		CODE           	0851	0000	16

/opt/microchip/xc8/v1.35/sources/common/isdigit.c estimated size: 16

/opt/microchip/xc8/v1.35/sources/common/atoi.c
		_atoi          		CODE           	0F10	0000	114

/opt/microchip/xc8/v1.35/sources/common/atoi.c estimated size: 114

app_led_usb_status.c
		_APP_LEDUpdateUSBStatus		CODE           	0B9B	0000	77

app_led_usb_status.c estimated size: 77

shared
		_configDescriptor1		STRCODE        	0554	0000	68
		_USB_CD_Ptr    		STRCODE        	0552	0000	3
		_sd001         		STRCODE        	0597	0000	39
		_sd002         		STRCODE        	05BD	0000	31
		i1_USBDeviceInit		CODE           	04A3	0000	170
		__initialization		CODE           	0014	0000	51
		_device_dsc    		STRCODE        	05DB	0000	19
		i1_SYSTEM_Initialize		CODE           	0873	0000	22
		_USB_SD_Ptr    		STRCODE        	054C	0000	7
		_sd000         		STRCODE        	05ED	0000	5
		i1_USBTransferOnePacket		CODE           	0B4F	0000	77

shared estimated size: 492

/opt/microchip/mla/framework/usb/src/usb_device_cdc.c
		_CDCTxService  		CODE           	0328	0000	201
		_CDCInitEP     		CODE           	0A0A	0000	58
		_putrsUSBUSART 		CODE           	09D9	0000	50
		_getsUSBUSART  		CODE           	0C80	0000	81
		_USBCheckCDCRequest		CODE           	0D7A	0000	97

/opt/microchip/mla/framework/usb/src/usb_device_cdc.c estimated size: 487

app_device_cdc_basic.c
		_APP_DeviceCDCBasicDemoTasks		CODE           	0156	0000	236
		_APP_DeviceCDCBasicDemoInitialize		CODE           	0860	0000	20

app_device_cdc_basic.c estimated size: 256

main.c
		_main          		CODE           	0AC1	0000	68
		_USER_USB_CALLBACK_EVENT_HANDLER		CODE           	0A80	0000	66

main.c estimated size: 134

system.c
		_SYS_InterruptHigh		CODE           	0004	0000	15
		_SYSTEM_Initialize		CODE           	0888	0000	24

system.c estimated size: 39

led.c
		_LED_Off       		CODE           	083F	0000	7
		_LED_On        		CODE           	083C	0000	4

led.c estimated size: 11

